                        Time                           ET ET:-a-Bp~T-R-m1-m2-m3-m4-X-p ET:-a-Bp~T-R-m1-m2-m3-m4-X+p ET:-a-Bp~T-R-m1-m2-m3-m4+X-p ET:-a-Bp~T-R-m1-m2-m3-m4+X+p ET:-a-Bp~T-R-m1-m2-m3+m4-X-p ET:-a-Bp~T-R-m1-m2-m3+m4-X+p ET:-a-Bp~T-R-m1-m2-m3+m4+X-p ET:-a-Bp~T-R-m1-m2-m3+m4+X+p ET:-a-Bp~T-R-m1-m2+m3-m4-X-p ET:-a-Bp~T-R-m1-m2+m3-m4-X+p ET:-a-Bp~T-R-m1-m2+m3-m4+X-p ET:-a-Bp~T-R-m1-m2+m3-m4+X+p ET:-a-Bp~T-R-m1-m2+m3+m4-X-p ET:-a-Bp~T-R-m1-m2+m3+m4-X+p ET:-a-Bp~T-R-m1-m2+m3+m4+X-p ET:-a-Bp~T-R-m1-m2+m3+m4+X+p ET:-a-Bp~T-R-m1+m2-m3-m4-X-p ET:-a-Bp~T-R-m1+m2-m3-m4-X+p ET:-a-Bp~T-R-m1+m2-m3-m4+X-p ET:-a-Bp~T-R-m1+m2-m3-m4+X+p ET:-a-Bp~T-R-m1+m2-m3+m4-X-p ET:-a-Bp~T-R-m1+m2-m3+m4-X+p ET:-a-Bp~T-R-m1+m2-m3+m4+X-p ET:-a-Bp~T-R-m1+m2-m3+m4+X+p ET:-a-Bp~T-R-m1+m2+m3-m4-X-p ET:-a-Bp~T-R-m1+m2+m3-m4-X+p ET:-a-Bp~T-R-m1+m2+m3-m4+X-p ET:-a-Bp~T-R-m1+m2+m3-m4+X+p ET:-a-Bp~T-R-m1+m2+m3+m4-X-p ET:-a-Bp~T-R-m1+m2+m3+m4-X+p ET:-a-Bp~T-R-m1+m2+m3+m4+X-p ET:-a-Bp~T-R-m1+m2+m3+m4+X+p ET:-a-Bp~T-R+m1-m2-m3-m4-X-p ET:-a-Bp~T-R+m1-m2-m3-m4-X+p ET:-a-Bp~T-R+m1-m2-m3-m4+X-p ET:-a-Bp~T-R+m1-m2-m3-m4+X+p ET:-a-Bp~T-R+m1-m2-m3+m4-X-p ET:-a-Bp~T-R+m1-m2-m3+m4-X+p ET:-a-Bp~T-R+m1-m2-m3+m4+X-p ET:-a-Bp~T-R+m1-m2-m3+m4+X+p ET:-a-Bp~T-R+m1-m2+m3-m4-X-p ET:-a-Bp~T-R+m1-m2+m3-m4-X+p ET:-a-Bp~T-R+m1-m2+m3-m4+X-p ET:-a-Bp~T-R+m1-m2+m3-m4+X+p ET:-a-Bp~T-R+m1-m2+m3+m4-X-p ET:-a-Bp~T-R+m1-m2+m3+m4-X+p ET:-a-Bp~T-R+m1-m2+m3+m4+X-p ET:-a-Bp~T-R+m1-m2+m3+m4+X+p ET:-a-Bp~T-R+m1+m2-m3-m4-X-p ET:-a-Bp~T-R+m1+m2-m3-m4-X+p ET:-a-Bp~T-R+m1+m2-m3-m4+X-p ET:-a-Bp~T-R+m1+m2-m3-m4+X+p ET:-a-Bp~T-R+m1+m2-m3+m4-X-p ET:-a-Bp~T-R+m1+m2-m3+m4-X+p ET:-a-Bp~T-R+m1+m2-m3+m4+X-p ET:-a-Bp~T-R+m1+m2-m3+m4+X+p ET:-a-Bp~T-R+m1+m2+m3-m4-X-p ET:-a-Bp~T-R+m1+m2+m3-m4-X+p ET:-a-Bp~T-R+m1+m2+m3-m4+X-p ET:-a-Bp~T-R+m1+m2+m3-m4+X+p ET:-a-Bp~T-R+m1+m2+m3+m4-X-p ET:-a-Bp~T-R+m1+m2+m3+m4-X+p ET:-a-Bp~T-R+m1+m2+m3+m4+X-p ET:-a-Bp~T-R+m1+m2+m3+m4+X+p ET:-a-Bp~T+R-m1-m2-m3-m4-X-p ET:-a-Bp~T+R-m1-m2-m3-m4-X+p ET:-a-Bp~T+R-m1-m2-m3-m4+X-p ET:-a-Bp~T+R-m1-m2-m3-m4+X+p ET:-a-Bp~T+R-m1-m2-m3+m4-X-p ET:-a-Bp~T+R-m1-m2-m3+m4-X+p ET:-a-Bp~T+R-m1-m2-m3+m4+X-p ET:-a-Bp~T+R-m1-m2-m3+m4+X+p ET:-a-Bp~T+R-m1-m2+m3-m4-X-p ET:-a-Bp~T+R-m1-m2+m3-m4-X+p ET:-a-Bp~T+R-m1-m2+m3-m4+X-p ET:-a-Bp~T+R-m1-m2+m3-m4+X+p ET:-a-Bp~T+R-m1-m2+m3+m4-X-p ET:-a-Bp~T+R-m1-m2+m3+m4-X+p ET:-a-Bp~T+R-m1-m2+m3+m4+X-p ET:-a-Bp~T+R-m1-m2+m3+m4+X+p ET:-a-Bp~T+R-m1+m2-m3-m4-X-p ET:-a-Bp~T+R-m1+m2-m3-m4-X+p ET:-a-Bp~T+R-m1+m2-m3-m4+X-p ET:-a-Bp~T+R-m1+m2-m3-m4+X+p ET:-a-Bp~T+R-m1+m2-m3+m4-X-p ET:-a-Bp~T+R-m1+m2-m3+m4-X+p ET:-a-Bp~T+R-m1+m2-m3+m4+X-p ET:-a-Bp~T+R-m1+m2-m3+m4+X+p ET:-a-Bp~T+R-m1+m2+m3-m4-X-p ET:-a-Bp~T+R-m1+m2+m3-m4-X+p ET:-a-Bp~T+R-m1+m2+m3-m4+X-p ET:-a-Bp~T+R-m1+m2+m3-m4+X+p ET:-a-Bp~T+R-m1+m2+m3+m4-X-p ET:-a-Bp~T+R-m1+m2+m3+m4-X+p ET:-a-Bp~T+R-m1+m2+m3+m4+X-p ET:-a-Bp~T+R-m1+m2+m3+m4+X+p ET:-a-Bp~T+R+m1-m2-m3-m4-X-p ET:-a-Bp~T+R+m1-m2-m3-m4-X+p ET:-a-Bp~T+R+m1-m2-m3-m4+X-p ET:-a-Bp~T+R+m1-m2-m3-m4+X+p ET:-a-Bp~T+R+m1-m2-m3+m4-X-p ET:-a-Bp~T+R+m1-m2-m3+m4-X+p ET:-a-Bp~T+R+m1-m2-m3+m4+X-p ET:-a-Bp~T+R+m1-m2-m3+m4+X+p ET:-a-Bp~T+R+m1-m2+m3-m4-X-p ET:-a-Bp~T+R+m1-m2+m3-m4-X+p ET:-a-Bp~T+R+m1-m2+m3-m4+X-p ET:-a-Bp~T+R+m1-m2+m3-m4+X+p ET:-a-Bp~T+R+m1-m2+m3+m4-X-p ET:-a-Bp~T+R+m1-m2+m3+m4-X+p ET:-a-Bp~T+R+m1-m2+m3+m4+X-p ET:-a-Bp~T+R+m1-m2+m3+m4+X+p ET:-a-Bp~T+R+m1+m2-m3-m4-X-p ET:-a-Bp~T+R+m1+m2-m3-m4-X+p ET:-a-Bp~T+R+m1+m2-m3-m4+X-p ET:-a-Bp~T+R+m1+m2-m3-m4+X+p ET:-a-Bp~T+R+m1+m2-m3+m4-X-p ET:-a-Bp~T+R+m1+m2-m3+m4-X+p ET:-a-Bp~T+R+m1+m2-m3+m4+X-p ET:-a-Bp~T+R+m1+m2-m3+m4+X+p ET:-a-Bp~T+R+m1+m2+m3-m4-X-p ET:-a-Bp~T+R+m1+m2+m3-m4-X+p ET:-a-Bp~T+R+m1+m2+m3-m4+X-p ET:-a-Bp~T+R+m1+m2+m3-m4+X+p ET:-a-Bp~T+R+m1+m2+m3+m4-X-p ET:-a-Bp~T+R+m1+m2+m3+m4-X+p ET:-a-Bp~T+R+m1+m2+m3+m4+X-p ET:-a-Bp~T+R+m1+m2+m3+m4+X+p ET:-a+Bp~T-R-m1-m2-m3-m4-X-p ET:-a+Bp~T-R-m1-m2-m3-m4-X+p ET:-a+Bp~T-R-m1-m2-m3-m4+X-p ET:-a+Bp~T-R-m1-m2-m3-m4+X+p ET:-a+Bp~T-R-m1-m2-m3+m4-X-p ET:-a+Bp~T-R-m1-m2-m3+m4-X+p ET:-a+Bp~T-R-m1-m2-m3+m4+X-p ET:-a+Bp~T-R-m1-m2-m3+m4+X+p ET:-a+Bp~T-R-m1-m2+m3-m4-X-p ET:-a+Bp~T-R-m1-m2+m3-m4-X+p ET:-a+Bp~T-R-m1-m2+m3-m4+X-p ET:-a+Bp~T-R-m1-m2+m3-m4+X+p ET:-a+Bp~T-R-m1-m2+m3+m4-X-p ET:-a+Bp~T-R-m1-m2+m3+m4-X+p ET:-a+Bp~T-R-m1-m2+m3+m4+X-p ET:-a+Bp~T-R-m1-m2+m3+m4+X+p ET:-a+Bp~T-R-m1+m2-m3-m4-X-p ET:-a+Bp~T-R-m1+m2-m3-m4-X+p ET:-a+Bp~T-R-m1+m2-m3-m4+X-p ET:-a+Bp~T-R-m1+m2-m3-m4+X+p ET:-a+Bp~T-R-m1+m2-m3+m4-X-p ET:-a+Bp~T-R-m1+m2-m3+m4-X+p ET:-a+Bp~T-R-m1+m2-m3+m4+X-p ET:-a+Bp~T-R-m1+m2-m3+m4+X+p ET:-a+Bp~T-R-m1+m2+m3-m4-X-p ET:-a+Bp~T-R-m1+m2+m3-m4-X+p ET:-a+Bp~T-R-m1+m2+m3-m4+X-p ET:-a+Bp~T-R-m1+m2+m3-m4+X+p ET:-a+Bp~T-R-m1+m2+m3+m4-X-p ET:-a+Bp~T-R-m1+m2+m3+m4-X+p ET:-a+Bp~T-R-m1+m2+m3+m4+X-p ET:-a+Bp~T-R-m1+m2+m3+m4+X+p ET:-a+Bp~T-R+m1-m2-m3-m4-X-p ET:-a+Bp~T-R+m1-m2-m3-m4-X+p ET:-a+Bp~T-R+m1-m2-m3-m4+X-p ET:-a+Bp~T-R+m1-m2-m3-m4+X+p ET:-a+Bp~T-R+m1-m2-m3+m4-X-p ET:-a+Bp~T-R+m1-m2-m3+m4-X+p ET:-a+Bp~T-R+m1-m2-m3+m4+X-p ET:-a+Bp~T-R+m1-m2-m3+m4+X+p ET:-a+Bp~T-R+m1-m2+m3-m4-X-p ET:-a+Bp~T-R+m1-m2+m3-m4-X+p ET:-a+Bp~T-R+m1-m2+m3-m4+X-p ET:-a+Bp~T-R+m1-m2+m3-m4+X+p ET:-a+Bp~T-R+m1-m2+m3+m4-X-p ET:-a+Bp~T-R+m1-m2+m3+m4-X+p ET:-a+Bp~T-R+m1-m2+m3+m4+X-p ET:-a+Bp~T-R+m1-m2+m3+m4+X+p ET:-a+Bp~T-R+m1+m2-m3-m4-X-p ET:-a+Bp~T-R+m1+m2-m3-m4-X+p ET:-a+Bp~T-R+m1+m2-m3-m4+X-p ET:-a+Bp~T-R+m1+m2-m3-m4+X+p ET:-a+Bp~T-R+m1+m2-m3+m4-X-p ET:-a+Bp~T-R+m1+m2-m3+m4-X+p ET:-a+Bp~T-R+m1+m2-m3+m4+X-p ET:-a+Bp~T-R+m1+m2-m3+m4+X+p ET:-a+Bp~T-R+m1+m2+m3-m4-X-p ET:-a+Bp~T-R+m1+m2+m3-m4-X+p ET:-a+Bp~T-R+m1+m2+m3-m4+X-p ET:-a+Bp~T-R+m1+m2+m3-m4+X+p ET:-a+Bp~T-R+m1+m2+m3+m4-X-p ET:-a+Bp~T-R+m1+m2+m3+m4-X+p ET:-a+Bp~T-R+m1+m2+m3+m4+X-p ET:-a+Bp~T-R+m1+m2+m3+m4+X+p ET:-a+Bp~T+R-m1-m2-m3-m4-X-p ET:-a+Bp~T+R-m1-m2-m3-m4-X+p ET:-a+Bp~T+R-m1-m2-m3-m4+X-p ET:-a+Bp~T+R-m1-m2-m3-m4+X+p ET:-a+Bp~T+R-m1-m2-m3+m4-X-p ET:-a+Bp~T+R-m1-m2-m3+m4-X+p ET:-a+Bp~T+R-m1-m2-m3+m4+X-p ET:-a+Bp~T+R-m1-m2-m3+m4+X+p ET:-a+Bp~T+R-m1-m2+m3-m4-X-p ET:-a+Bp~T+R-m1-m2+m3-m4-X+p ET:-a+Bp~T+R-m1-m2+m3-m4+X-p ET:-a+Bp~T+R-m1-m2+m3-m4+X+p ET:-a+Bp~T+R-m1-m2+m3+m4-X-p ET:-a+Bp~T+R-m1-m2+m3+m4-X+p ET:-a+Bp~T+R-m1-m2+m3+m4+X-p ET:-a+Bp~T+R-m1-m2+m3+m4+X+p ET:-a+Bp~T+R-m1+m2-m3-m4-X-p ET:-a+Bp~T+R-m1+m2-m3-m4-X+p ET:-a+Bp~T+R-m1+m2-m3-m4+X-p ET:-a+Bp~T+R-m1+m2-m3-m4+X+p ET:-a+Bp~T+R-m1+m2-m3+m4-X-p ET:-a+Bp~T+R-m1+m2-m3+m4-X+p ET:-a+Bp~T+R-m1+m2-m3+m4+X-p ET:-a+Bp~T+R-m1+m2-m3+m4+X+p ET:-a+Bp~T+R-m1+m2+m3-m4-X-p ET:-a+Bp~T+R-m1+m2+m3-m4-X+p ET:-a+Bp~T+R-m1+m2+m3-m4+X-p ET:-a+Bp~T+R-m1+m2+m3-m4+X+p ET:-a+Bp~T+R-m1+m2+m3+m4-X-p ET:-a+Bp~T+R-m1+m2+m3+m4-X+p ET:-a+Bp~T+R-m1+m2+m3+m4+X-p ET:-a+Bp~T+R-m1+m2+m3+m4+X+p ET:-a+Bp~T+R+m1-m2-m3-m4-X-p ET:-a+Bp~T+R+m1-m2-m3-m4-X+p ET:-a+Bp~T+R+m1-m2-m3-m4+X-p ET:-a+Bp~T+R+m1-m2-m3-m4+X+p ET:-a+Bp~T+R+m1-m2-m3+m4-X-p ET:-a+Bp~T+R+m1-m2-m3+m4-X+p ET:-a+Bp~T+R+m1-m2-m3+m4+X-p ET:-a+Bp~T+R+m1-m2-m3+m4+X+p ET:-a+Bp~T+R+m1-m2+m3-m4-X-p ET:-a+Bp~T+R+m1-m2+m3-m4-X+p ET:-a+Bp~T+R+m1-m2+m3-m4+X-p ET:-a+Bp~T+R+m1-m2+m3-m4+X+p ET:-a+Bp~T+R+m1-m2+m3+m4-X-p ET:-a+Bp~T+R+m1-m2+m3+m4-X+p ET:-a+Bp~T+R+m1-m2+m3+m4+X-p ET:-a+Bp~T+R+m1-m2+m3+m4+X+p ET:-a+Bp~T+R+m1+m2-m3-m4-X-p ET:-a+Bp~T+R+m1+m2-m3-m4-X+p ET:-a+Bp~T+R+m1+m2-m3-m4+X-p ET:-a+Bp~T+R+m1+m2-m3-m4+X+p ET:-a+Bp~T+R+m1+m2-m3+m4-X-p ET:-a+Bp~T+R+m1+m2-m3+m4-X+p ET:-a+Bp~T+R+m1+m2-m3+m4+X-p ET:-a+Bp~T+R+m1+m2-m3+m4+X+p ET:-a+Bp~T+R+m1+m2+m3-m4-X-p ET:-a+Bp~T+R+m1+m2+m3-m4-X+p ET:-a+Bp~T+R+m1+m2+m3-m4+X-p ET:-a+Bp~T+R+m1+m2+m3-m4+X+p ET:-a+Bp~T+R+m1+m2+m3+m4-X-p ET:-a+Bp~T+R+m1+m2+m3+m4-X+p ET:-a+Bp~T+R+m1+m2+m3+m4+X-p ET:-a+Bp~T+R+m1+m2+m3+m4+X+p ET:+a-Bp~T-R-m1-m2-m3-m4-X-p ET:+a-Bp~T-R-m1-m2-m3-m4-X+p ET:+a-Bp~T-R-m1-m2-m3-m4+X-p ET:+a-Bp~T-R-m1-m2-m3-m4+X+p ET:+a-Bp~T-R-m1-m2-m3+m4-X-p ET:+a-Bp~T-R-m1-m2-m3+m4-X+p ET:+a-Bp~T-R-m1-m2-m3+m4+X-p ET:+a-Bp~T-R-m1-m2-m3+m4+X+p ET:+a-Bp~T-R-m1-m2+m3-m4-X-p ET:+a-Bp~T-R-m1-m2+m3-m4-X+p ET:+a-Bp~T-R-m1-m2+m3-m4+X-p ET:+a-Bp~T-R-m1-m2+m3-m4+X+p ET:+a-Bp~T-R-m1-m2+m3+m4-X-p ET:+a-Bp~T-R-m1-m2+m3+m4-X+p ET:+a-Bp~T-R-m1-m2+m3+m4+X-p ET:+a-Bp~T-R-m1-m2+m3+m4+X+p ET:+a-Bp~T-R-m1+m2-m3-m4-X-p ET:+a-Bp~T-R-m1+m2-m3-m4-X+p ET:+a-Bp~T-R-m1+m2-m3-m4+X-p ET:+a-Bp~T-R-m1+m2-m3-m4+X+p ET:+a-Bp~T-R-m1+m2-m3+m4-X-p ET:+a-Bp~T-R-m1+m2-m3+m4-X+p ET:+a-Bp~T-R-m1+m2-m3+m4+X-p ET:+a-Bp~T-R-m1+m2-m3+m4+X+p ET:+a-Bp~T-R-m1+m2+m3-m4-X-p ET:+a-Bp~T-R-m1+m2+m3-m4-X+p ET:+a-Bp~T-R-m1+m2+m3-m4+X-p ET:+a-Bp~T-R-m1+m2+m3-m4+X+p ET:+a-Bp~T-R-m1+m2+m3+m4-X-p ET:+a-Bp~T-R-m1+m2+m3+m4-X+p ET:+a-Bp~T-R-m1+m2+m3+m4+X-p ET:+a-Bp~T-R-m1+m2+m3+m4+X+p ET:+a-Bp~T-R+m1-m2-m3-m4-X-p ET:+a-Bp~T-R+m1-m2-m3-m4-X+p ET:+a-Bp~T-R+m1-m2-m3-m4+X-p ET:+a-Bp~T-R+m1-m2-m3-m4+X+p ET:+a-Bp~T-R+m1-m2-m3+m4-X-p ET:+a-Bp~T-R+m1-m2-m3+m4-X+p ET:+a-Bp~T-R+m1-m2-m3+m4+X-p ET:+a-Bp~T-R+m1-m2-m3+m4+X+p ET:+a-Bp~T-R+m1-m2+m3-m4-X-p ET:+a-Bp~T-R+m1-m2+m3-m4-X+p ET:+a-Bp~T-R+m1-m2+m3-m4+X-p ET:+a-Bp~T-R+m1-m2+m3-m4+X+p ET:+a-Bp~T-R+m1-m2+m3+m4-X-p ET:+a-Bp~T-R+m1-m2+m3+m4-X+p ET:+a-Bp~T-R+m1-m2+m3+m4+X-p ET:+a-Bp~T-R+m1-m2+m3+m4+X+p ET:+a-Bp~T-R+m1+m2-m3-m4-X-p ET:+a-Bp~T-R+m1+m2-m3-m4-X+p ET:+a-Bp~T-R+m1+m2-m3-m4+X-p ET:+a-Bp~T-R+m1+m2-m3-m4+X+p ET:+a-Bp~T-R+m1+m2-m3+m4-X-p ET:+a-Bp~T-R+m1+m2-m3+m4-X+p ET:+a-Bp~T-R+m1+m2-m3+m4+X-p ET:+a-Bp~T-R+m1+m2-m3+m4+X+p ET:+a-Bp~T-R+m1+m2+m3-m4-X-p ET:+a-Bp~T-R+m1+m2+m3-m4-X+p ET:+a-Bp~T-R+m1+m2+m3-m4+X-p ET:+a-Bp~T-R+m1+m2+m3-m4+X+p ET:+a-Bp~T-R+m1+m2+m3+m4-X-p ET:+a-Bp~T-R+m1+m2+m3+m4-X+p ET:+a-Bp~T-R+m1+m2+m3+m4+X-p ET:+a-Bp~T-R+m1+m2+m3+m4+X+p ET:+a-Bp~T+R-m1-m2-m3-m4-X-p ET:+a-Bp~T+R-m1-m2-m3-m4-X+p ET:+a-Bp~T+R-m1-m2-m3-m4+X-p ET:+a-Bp~T+R-m1-m2-m3-m4+X+p ET:+a-Bp~T+R-m1-m2-m3+m4-X-p ET:+a-Bp~T+R-m1-m2-m3+m4-X+p ET:+a-Bp~T+R-m1-m2-m3+m4+X-p ET:+a-Bp~T+R-m1-m2-m3+m4+X+p ET:+a-Bp~T+R-m1-m2+m3-m4-X-p ET:+a-Bp~T+R-m1-m2+m3-m4-X+p ET:+a-Bp~T+R-m1-m2+m3-m4+X-p ET:+a-Bp~T+R-m1-m2+m3-m4+X+p ET:+a-Bp~T+R-m1-m2+m3+m4-X-p ET:+a-Bp~T+R-m1-m2+m3+m4-X+p ET:+a-Bp~T+R-m1-m2+m3+m4+X-p ET:+a-Bp~T+R-m1-m2+m3+m4+X+p ET:+a-Bp~T+R-m1+m2-m3-m4-X-p ET:+a-Bp~T+R-m1+m2-m3-m4-X+p ET:+a-Bp~T+R-m1+m2-m3-m4+X-p ET:+a-Bp~T+R-m1+m2-m3-m4+X+p ET:+a-Bp~T+R-m1+m2-m3+m4-X-p ET:+a-Bp~T+R-m1+m2-m3+m4-X+p ET:+a-Bp~T+R-m1+m2-m3+m4+X-p ET:+a-Bp~T+R-m1+m2-m3+m4+X+p ET:+a-Bp~T+R-m1+m2+m3-m4-X-p ET:+a-Bp~T+R-m1+m2+m3-m4-X+p ET:+a-Bp~T+R-m1+m2+m3-m4+X-p ET:+a-Bp~T+R-m1+m2+m3-m4+X+p ET:+a-Bp~T+R-m1+m2+m3+m4-X-p ET:+a-Bp~T+R-m1+m2+m3+m4-X+p ET:+a-Bp~T+R-m1+m2+m3+m4+X-p ET:+a-Bp~T+R-m1+m2+m3+m4+X+p ET:+a-Bp~T+R+m1-m2-m3-m4-X-p ET:+a-Bp~T+R+m1-m2-m3-m4-X+p ET:+a-Bp~T+R+m1-m2-m3-m4+X-p ET:+a-Bp~T+R+m1-m2-m3-m4+X+p ET:+a-Bp~T+R+m1-m2-m3+m4-X-p ET:+a-Bp~T+R+m1-m2-m3+m4-X+p ET:+a-Bp~T+R+m1-m2-m3+m4+X-p ET:+a-Bp~T+R+m1-m2-m3+m4+X+p ET:+a-Bp~T+R+m1-m2+m3-m4-X-p ET:+a-Bp~T+R+m1-m2+m3-m4-X+p ET:+a-Bp~T+R+m1-m2+m3-m4+X-p ET:+a-Bp~T+R+m1-m2+m3-m4+X+p ET:+a-Bp~T+R+m1-m2+m3+m4-X-p ET:+a-Bp~T+R+m1-m2+m3+m4-X+p ET:+a-Bp~T+R+m1-m2+m3+m4+X-p ET:+a-Bp~T+R+m1-m2+m3+m4+X+p ET:+a-Bp~T+R+m1+m2-m3-m4-X-p ET:+a-Bp~T+R+m1+m2-m3-m4-X+p ET:+a-Bp~T+R+m1+m2-m3-m4+X-p ET:+a-Bp~T+R+m1+m2-m3-m4+X+p ET:+a-Bp~T+R+m1+m2-m3+m4-X-p ET:+a-Bp~T+R+m1+m2-m3+m4-X+p ET:+a-Bp~T+R+m1+m2-m3+m4+X-p ET:+a-Bp~T+R+m1+m2-m3+m4+X+p ET:+a-Bp~T+R+m1+m2+m3-m4-X-p ET:+a-Bp~T+R+m1+m2+m3-m4-X+p ET:+a-Bp~T+R+m1+m2+m3-m4+X-p ET:+a-Bp~T+R+m1+m2+m3-m4+X+p ET:+a-Bp~T+R+m1+m2+m3+m4-X-p ET:+a-Bp~T+R+m1+m2+m3+m4-X+p ET:+a-Bp~T+R+m1+m2+m3+m4+X-p ET:+a-Bp~T+R+m1+m2+m3+m4+X+p ET:+a+Bp~T-R-m1-m2-m3-m4-X-p ET:+a+Bp~T-R-m1-m2-m3-m4-X+p ET:+a+Bp~T-R-m1-m2-m3-m4+X-p ET:+a+Bp~T-R-m1-m2-m3-m4+X+p ET:+a+Bp~T-R-m1-m2-m3+m4-X-p ET:+a+Bp~T-R-m1-m2-m3+m4-X+p ET:+a+Bp~T-R-m1-m2-m3+m4+X-p ET:+a+Bp~T-R-m1-m2-m3+m4+X+p ET:+a+Bp~T-R-m1-m2+m3-m4-X-p ET:+a+Bp~T-R-m1-m2+m3-m4-X+p ET:+a+Bp~T-R-m1-m2+m3-m4+X-p ET:+a+Bp~T-R-m1-m2+m3-m4+X+p ET:+a+Bp~T-R-m1-m2+m3+m4-X-p ET:+a+Bp~T-R-m1-m2+m3+m4-X+p ET:+a+Bp~T-R-m1-m2+m3+m4+X-p ET:+a+Bp~T-R-m1-m2+m3+m4+X+p ET:+a+Bp~T-R-m1+m2-m3-m4-X-p ET:+a+Bp~T-R-m1+m2-m3-m4-X+p ET:+a+Bp~T-R-m1+m2-m3-m4+X-p ET:+a+Bp~T-R-m1+m2-m3-m4+X+p ET:+a+Bp~T-R-m1+m2-m3+m4-X-p ET:+a+Bp~T-R-m1+m2-m3+m4-X+p ET:+a+Bp~T-R-m1+m2-m3+m4+X-p ET:+a+Bp~T-R-m1+m2-m3+m4+X+p ET:+a+Bp~T-R-m1+m2+m3-m4-X-p ET:+a+Bp~T-R-m1+m2+m3-m4-X+p ET:+a+Bp~T-R-m1+m2+m3-m4+X-p ET:+a+Bp~T-R-m1+m2+m3-m4+X+p ET:+a+Bp~T-R-m1+m2+m3+m4-X-p ET:+a+Bp~T-R-m1+m2+m3+m4-X+p ET:+a+Bp~T-R-m1+m2+m3+m4+X-p ET:+a+Bp~T-R-m1+m2+m3+m4+X+p ET:+a+Bp~T-R+m1-m2-m3-m4-X-p ET:+a+Bp~T-R+m1-m2-m3-m4-X+p ET:+a+Bp~T-R+m1-m2-m3-m4+X-p ET:+a+Bp~T-R+m1-m2-m3-m4+X+p ET:+a+Bp~T-R+m1-m2-m3+m4-X-p ET:+a+Bp~T-R+m1-m2-m3+m4-X+p ET:+a+Bp~T-R+m1-m2-m3+m4+X-p ET:+a+Bp~T-R+m1-m2-m3+m4+X+p ET:+a+Bp~T-R+m1-m2+m3-m4-X-p ET:+a+Bp~T-R+m1-m2+m3-m4-X+p ET:+a+Bp~T-R+m1-m2+m3-m4+X-p ET:+a+Bp~T-R+m1-m2+m3-m4+X+p ET:+a+Bp~T-R+m1-m2+m3+m4-X-p ET:+a+Bp~T-R+m1-m2+m3+m4-X+p ET:+a+Bp~T-R+m1-m2+m3+m4+X-p ET:+a+Bp~T-R+m1-m2+m3+m4+X+p ET:+a+Bp~T-R+m1+m2-m3-m4-X-p ET:+a+Bp~T-R+m1+m2-m3-m4-X+p ET:+a+Bp~T-R+m1+m2-m3-m4+X-p ET:+a+Bp~T-R+m1+m2-m3-m4+X+p ET:+a+Bp~T-R+m1+m2-m3+m4-X-p ET:+a+Bp~T-R+m1+m2-m3+m4-X+p ET:+a+Bp~T-R+m1+m2-m3+m4+X-p ET:+a+Bp~T-R+m1+m2-m3+m4+X+p ET:+a+Bp~T-R+m1+m2+m3-m4-X-p ET:+a+Bp~T-R+m1+m2+m3-m4-X+p ET:+a+Bp~T-R+m1+m2+m3-m4+X-p ET:+a+Bp~T-R+m1+m2+m3-m4+X+p ET:+a+Bp~T-R+m1+m2+m3+m4-X-p ET:+a+Bp~T-R+m1+m2+m3+m4-X+p ET:+a+Bp~T-R+m1+m2+m3+m4+X-p ET:+a+Bp~T-R+m1+m2+m3+m4+X+p ET:+a+Bp~T+R-m1-m2-m3-m4-X-p ET:+a+Bp~T+R-m1-m2-m3-m4-X+p ET:+a+Bp~T+R-m1-m2-m3-m4+X-p ET:+a+Bp~T+R-m1-m2-m3-m4+X+p ET:+a+Bp~T+R-m1-m2-m3+m4-X-p ET:+a+Bp~T+R-m1-m2-m3+m4-X+p ET:+a+Bp~T+R-m1-m2-m3+m4+X-p ET:+a+Bp~T+R-m1-m2-m3+m4+X+p ET:+a+Bp~T+R-m1-m2+m3-m4-X-p ET:+a+Bp~T+R-m1-m2+m3-m4-X+p ET:+a+Bp~T+R-m1-m2+m3-m4+X-p ET:+a+Bp~T+R-m1-m2+m3-m4+X+p ET:+a+Bp~T+R-m1-m2+m3+m4-X-p ET:+a+Bp~T+R-m1-m2+m3+m4-X+p ET:+a+Bp~T+R-m1-m2+m3+m4+X-p ET:+a+Bp~T+R-m1-m2+m3+m4+X+p ET:+a+Bp~T+R-m1+m2-m3-m4-X-p ET:+a+Bp~T+R-m1+m2-m3-m4-X+p ET:+a+Bp~T+R-m1+m2-m3-m4+X-p ET:+a+Bp~T+R-m1+m2-m3-m4+X+p ET:+a+Bp~T+R-m1+m2-m3+m4-X-p ET:+a+Bp~T+R-m1+m2-m3+m4-X+p ET:+a+Bp~T+R-m1+m2-m3+m4+X-p ET:+a+Bp~T+R-m1+m2-m3+m4+X+p ET:+a+Bp~T+R-m1+m2+m3-m4-X-p ET:+a+Bp~T+R-m1+m2+m3-m4-X+p ET:+a+Bp~T+R-m1+m2+m3-m4+X-p ET:+a+Bp~T+R-m1+m2+m3-m4+X+p ET:+a+Bp~T+R-m1+m2+m3+m4-X-p ET:+a+Bp~T+R-m1+m2+m3+m4-X+p ET:+a+Bp~T+R-m1+m2+m3+m4+X-p ET:+a+Bp~T+R-m1+m2+m3+m4+X+p ET:+a+Bp~T+R+m1-m2-m3-m4-X-p ET:+a+Bp~T+R+m1-m2-m3-m4-X+p ET:+a+Bp~T+R+m1-m2-m3-m4+X-p ET:+a+Bp~T+R+m1-m2-m3-m4+X+p ET:+a+Bp~T+R+m1-m2-m3+m4-X-p ET:+a+Bp~T+R+m1-m2-m3+m4-X+p ET:+a+Bp~T+R+m1-m2-m3+m4+X-p ET:+a+Bp~T+R+m1-m2-m3+m4+X+p ET:+a+Bp~T+R+m1-m2+m3-m4-X-p ET:+a+Bp~T+R+m1-m2+m3-m4-X+p ET:+a+Bp~T+R+m1-m2+m3-m4+X-p ET:+a+Bp~T+R+m1-m2+m3-m4+X+p ET:+a+Bp~T+R+m1-m2+m3+m4-X-p ET:+a+Bp~T+R+m1-m2+m3+m4-X+p ET:+a+Bp~T+R+m1-m2+m3+m4+X-p ET:+a+Bp~T+R+m1-m2+m3+m4+X+p ET:+a+Bp~T+R+m1+m2-m3-m4-X-p ET:+a+Bp~T+R+m1+m2-m3-m4-X+p ET:+a+Bp~T+R+m1+m2-m3-m4+X-p ET:+a+Bp~T+R+m1+m2-m3-m4+X+p ET:+a+Bp~T+R+m1+m2-m3+m4-X-p ET:+a+Bp~T+R+m1+m2-m3+m4-X+p ET:+a+Bp~T+R+m1+m2-m3+m4+X-p ET:+a+Bp~T+R+m1+m2-m3+m4+X+p ET:+a+Bp~T+R+m1+m2+m3-m4-X-p ET:+a+Bp~T+R+m1+m2+m3-m4-X+p ET:+a+Bp~T+R+m1+m2+m3-m4+X-p ET:+a+Bp~T+R+m1+m2+m3-m4+X+p ET:+a+Bp~T+R+m1+m2+m3+m4-X-p ET:+a+Bp~T+R+m1+m2+m3+m4-X+p ET:+a+Bp~T+R+m1+m2+m3+m4+X-p ET:+a+Bp~T+R+m1+m2+m3+m4+X+p                            Y                           Yp                            B                            R                           Bp                            M                        M:-Yp                        M:+Yp
                    0.000000                         4500                            0                            0                            0                            0                            0                            0                            0                            0                            0                            0                            0                            0                            0                            0                            0                            0                         4500                            0                            0                            0                            0                            0                            0                            0                            0                            0                            0                            0                            0                            0                            0                            0                            0                            0                            0                            0                            0                            0                            0                            0                            0                            0                            0                            0                            0                            0                            0                            0                            0                            0                            0                            0                            0                            0                            0                            0                            0                            0                            0                            0                            0                            0                            0                            0                            0                            0                            0                            0                            0                            0                            0                            0                            0                            0                            0                            0                            0                            0                            0                            0                            0                            0                            0                            0                            0                            0                            0                            0                            0                            0                            0                            0                            0                            0                            0                            0                            0                            0                            0                            0                            0                            0                            0                            0                            0                            0                            0                            0                            0                            0                            0                            0                            0                            0                            0                            0                            0                            0                            0                            0                            0                            0                            0                            0                            0                            0                            0                            0                            0                            0                            0                            0                            0                            0                            0                            0                            0                            0                            0                            0                            0                            0                            0                            0                            0                            0                            0                            0                            0                            0                            0                            0                            0                            0                            0                            0                            0                            0                            0                            0                            0                            0                            0                            0                            0                            0                            0                            0                            0                            0                            0                            0                            0                            0                            0                            0                            0                            0                            0                            0                            0                            0                            0                            0                            0                            0                            0                            0                            0                            0                            0                            0                            0                            0                            0                            0                            0                            0                            0                            0                            0                            0                            0                            0                            0                            0                            0                            0                            0                            0                            0                            0                            0                            0                            0                            0                            0                            0                            0                            0                            0                            0                            0                            0                            0                            0                            0                            0                            0                            0                            0                            0                            0                            0                            0                            0                            0                            0                            0                            0                            0                            0                            0                            0                            0                            0                            0                            0                            0                            0                            0                            0                            0                            0                            0                            0                            0                            0                            0                            0                            0                            0                            0                            0                            0                            0                            0                            0                            0                            0                            0                            0                            0                            0                            0                            0                            0                            0                            0                            0                            0                            0                            0                            0                            0                            0                            0                            0                            0                            0                            0                            0                            0                            0                            0                            0                            0                            0                            0                            0                            0                            0                            0                            0                            0                            0                            0                            0                            0                            0                            0                            0                            0                            0                            0                            0                            0                            0                            0                            0                            0                            0                            0                            0                            0                            0                            0                            0                            0                            0                            0                            0                            0                            0                            0                            0                            0                            0                            0                            0                            0                            0                            0                            0                            0                            0                            0                            0                            0                            0                            0                            0                            0                            0                            0                            0                            0                            0                            0                            0                            0                            0                            0                            0                            0                            0                            0                            0                            0                            0                            0                            0                            0                            0                            0                            0                            0                            0                            0                            0                            0                            0                            0                            0                            0                            0                            0                            0                            0                            0                            0                            0                            0                            0                            0                            0                            0                            0                            0                            0                            0                            0                            0                            0                            0                            0                            0                            0                            0                            0                            0                            0                            0                            0                            0                            0                            0                            0                            0                            0                            0                            0                            0                            0                            0                            0                            0                            0                            0                            0                            0                            0                            0                            0                            0                            0                            0                            0                            0                            0                            0                            0                            0                            0                            0                            0                            0                            0                            0                            0                            0                            0                            0                            0                            0                            0                            0                            0                            0                            0                            0                            0                            0                            0                            0                            0                            0                            0                            0                            0                            0                            0                            0                            0                            0                            0                            0                            0                            0                            0                            0                            0                            0                            0                            0                            0                            0                            0                            0                            0                            0                            0                            0                            0                            0                            0                            0                            0                            0                            0                            0                            0                            0                            0                            0                            0                            0                            0                            0                            0                            0                            0                         8236                            0                          238                          136                            0                           34                           34                            0
