[1 - Forward]  ET -> ET (Pr = 0.469216667)
[4 - Reverse]  ET -> ET + Bp (Pr = 0.024958333)
[5 - Forward]  ET -> ET + Bp (Pr = 0.011980000)
[6 - Forward]  ET -> ET + Bp (Pr = 0.011980000)
[7 - Forward]  ET -> ET + Bp (Pr = 0.011980000)
[8 - Forward]  ET -> ET + Bp (Pr = 0.011980000)
[9 - Reverse]  ET -> ET + R (Pr = 0.024958333)
[10 - Forward]  ET -> ET + R (Pr = 0.014975000)
[11 - Forward]  ET -> ET + R (Pr = 0.014975000)
[12 - Forward]  ET -> ET + R (Pr = 0.014975000)
[13 - Forward]  ET -> ET + R (Pr = 0.014975000)
[14 - Forward]  ET + Y -> ET + Yp (Pr = 0.598444158)
[3 - Forward]  ET + B -> ET + Bp (Pr = 0.059844416)
[9 - Forward]  ET + R -> ET (Pr = 0.017098405)
[4 - Forward]  ET + Bp -> ET (Pr = 0.011862001)
[14 - Forward]  Y + ET -> ET + Yp (Pr = 0.598444158)
[15 - Forward]  Yp -> Y (Pr = 0.599000000)
[16 - Forward]  Yp + M -> M (Pr = 0.029922208)
[3 - Forward]  B + ET -> ET + Bp (Pr = 0.059844416)
[9 - Forward]  R + ET -> ET (Pr = 0.017098405)
[2 - Forward]  Bp -> B (Pr = 0.019966667)
[4 - Forward]  Bp + ET -> ET (Pr = 0.011862001)
[16 - Reverse]  M -> Yp + M (Pr = 0.309483333)
[16 - Forward]  M + Yp -> M (Pr = 0.029922208)
